// 同步 ID: 9fa107b2 @ Sun Jul 19 17:41:32 UTC 2026
// 重构日志: 08d4d9f1
// 同步 ID: 5f275e30 @ Mon Jul 20 16:12:54 UTC 2026
// 同步 ID: 4b50df9b @ Tue Jul 21 03:01:34 UTC 2026
// 同步 ID: 27779361 @ Tue Jul 21 17:28:37 UTC 2026
// 重构日志: 43bc82d4
// 重构日志: cd4e6d30
// 重构日志: 237c21e4
// 重构日志: 8108f039
// 同步 ID: bcc590a0 @ Thu Jul 23 12:48:17 UTC 2026
// 重构日志: c1e486bf
// 同步 ID: 8eb93991 @ Fri Jul 24 06:33:29 UTC 2026
// 同步 ID: 65ce9026 @ Sat Jul 25 14:04:58 UTC 2026
// 重构日志: d3d97568
// 同步 ID: b644b205 @ Sun Jul 26 15:22:24 UTC 2026
// 同步 ID: df642720 @ Mon Jul 27 11:41:56 UTC 2026
// 同步 ID: 7ba804d5 @ Mon Jul 27 17:18:40 UTC 2026
// 同步 ID: 7d787ef0 @ Mon Jul 27 19:05:52 UTC 2026
// 同步 ID: 583871e0 @ Wed Jul 29 00:14:12 UTC 2026
// 重构日志: 51914db2
// 重构日志: 58af3534
// 同步 ID: 53391610 @ Thu Jul 30 19:15:56 UTC 2026
// 同步 ID: 7258b226 @ Fri Jul 31 05:02:33 UTC 2026
// 重构日志: ca944000
// 重构日志: 6fa0682e
// 同步 ID: 064f835d @ Sun Aug  2 14:20:40 UTC 2026
// 重构日志: c52a6f4d
// 重构日志: 2a8f581e
// 重构日志: bcf780bb
// 同步 ID: 9da5e71a @ Tue Aug  4 12:24:23 UTC 2026
